
-------------------------------------------------------------------------
|    ___ _   _ ___                                                      |
|   / __| | | |_  )   Release 8.1.0 "Harrier"                           |
|   \__ \ |_| |/ /                                                      |
|   |___/\___//___|   Suite (Computational Fluid Dynamics Code)         |
|                                                                       |
-------------------------------------------------------------------------
| SU2 Project Website: https://su2code.github.io                        |
|                                                                       |
| The SU2 Project is maintained by the SU2 Foundation                   |
| (http://su2foundation.org)                                            |
-------------------------------------------------------------------------
| Copyright 2012-2024, SU2 Contributors                                 |
|                                                                       |
| SU2 is free software; you can redistribute it and/or                  |
| modify it under the terms of the GNU Lesser General Public            |
| License as published by the Free Software Foundation; either          |
| version 2.1 of the License, or (at your option) any later version.    |
|                                                                       |
| SU2 is distributed in the hope that it will be useful,                |
| but WITHOUT ANY WARRANTY; without even the implied warranty of        |
| MERCHANTABILITY or FITNESS FOR A PARTICULAR PURPOSE. See the GNU      |
| Lesser General Public License for more details.                       |
|                                                                       |
| You should have received a copy of the GNU Lesser General Public      |
| License along with SU2. If not, see <http://www.gnu.org/licenses/>.   |
-------------------------------------------------------------------------

Parsing config file for zone 0

----------------- Physical Case Definition ( Zone 0 ) -------------------
Incompressible RANS equations.
Turbulence model: Menter's k-omega SST-2003m with no production modification
using default hard coded lower limit clipping.
Transition model: Langtry and Menter's 4 equation model (2009)
Correlation Functions: Menter and Langtry (2009)
Hybrid RANS/LES: No Hybrid RANS/LES
No restart solution, use the values at infinity (freestream).
Non-Dimensional simulation using intialization values.
The reference area will be computed using y(2D) or z(3D) projection.
The semi-span will be computed using the max y(3D) value.
The reference length is 0.32 m.
Reference origin for moment evaluation is (0, 0, 0).
Surface(s) where the force coefficients are evaluated: Airfoil1.

Surface(s) plotted in the output file: Airfoil1.
Surface(s) affected by the design variables: Airfoil1.
Input mesh file name: prova.su2

--------------- Space Numerical Integration ( Zone 0 ) ------------------
Jameson-Schmidt-Turkel scheme (2nd order in space) for the flow inviscid terms.
JST viscous coefficients (2nd & 4th): 0.5, 0.02.
The method includes a grid stretching correction (p = 0.3).
Average of gradients with correction (viscous flow terms).
Average of gradients with correction (viscous turbulence terms).
Gradient for viscous and source terms: Green-Gauss.

--------------- Time Numerical Integration  ( Zone 0 ) ------------------
Local time stepping (steady state simulation).
Euler implicit method for the flow equations.
FGMRES is used for solving the linear system.
Using a ILU(0) preconditioning.
Convergence criteria of the linear solver: 1e-06.
Max number of linear iterations: 100.
CFL adaptation. Factor down: 0.5, factor up: 1.1,
                lower limit: 1, upper limit: 100,
                acceptable linear residual: 0.001.
Courant-Friedrichs-Lewy number:       10
Euler implicit time integration for the turbulence model.

------------------ Convergence Criteria  ( Zone 0 ) ---------------------
Maximum number of solver subiterations: 99999.
Begin convergence monitoring at iteration 10.
Residual minimum value: 1e-9.
Cauchy series min. value: 1e-06.
Number of Cauchy elements: 100.
Begin windowed time average at iteration 0.

-------------------- Output Information ( Zone 0 ) ----------------------
File writing frequency: 
+------------------------------------+
|                     File| Frequency|
+------------------------------------+
|                  RESTART|       250|
|                 PARAVIEW|       250|
|         SURFACE_PARAVIEW|       250|
+------------------------------------+
Writing the convergence history file every 1 inner iterations.
Writing the screen convergence history every 1 inner iterations.
The tabular file format is CSV (.csv).
Convergence history file name: history_direct.
Forces breakdown file name: forces_breakdown.dat.
Surface file name: surface_flow.
Volume file name: flow.
Restart file name: restart_flow.dat.

------------- Config File Boundary Information ( Zone 0 ) ---------------
+-----------------------------------------------------------------------+
|                        Marker Type|                        Marker Name|
+-----------------------------------------------------------------------+
|                         Euler wall|                             bottom|
+-----------------------------------------------------------------------+
|                          Far-field|                                top|
|                                   |                              inlet|
|                                   |                             outlet|
+-----------------------------------------------------------------------+
|                     Heat flux wall|                           Airfoil1|
+-----------------------------------------------------------------------+

-------------------- Output Preprocessing ( Zone 0 ) --------------------

WARNING: SURFACE_PRESSURE_DROP can only be computed for at least 2 surfaces (outlet, inlet, ...)

Screen output fields: INNER_ITER, LINSOL_ITER, RMS_PRESSURE, LIFT, DRAG, AVG_CFL
History output group(s): ITER, LINSOL, RMS_RES, HEAT, AERO_COEFF, CFL_NUMBER
Convergence field(s): RMS_PRESSURE
Warning: No (valid) fields chosen for time convergence monitoring. Time convergence monitoring inactive.
Volume output fields: COORDINATES, SOLUTION, PRIMITIVE, RESIDUAL

------------------- Geometry Preprocessing ( Zone 0 ) -------------------
Two dimensional problem.
45321 grid points before partitioning.
89322 volume elements before partitioning.
5 surface markers.
66 boundary elements in index 0 (Marker = Airfoil1).
77 boundary elements in index 1 (Marker = inlet).
77 boundary elements in index 2 (Marker = outlet).
1000 boundary elements in index 3 (Marker = bottom).
100 boundary elements in index 4 (Marker = top).
Executing the partitioning functions.
Building the graph adjacency structure.
Calling ParMETIS... graph partitioning complete (616 edge cuts).
Distributing ParMETIS coloring.
Rebalancing vertices.
Rebalancing volume element connectivity.
Rebalancing markers and surface elements.
45941 vertices including ghost points. 
89936 interior elements including halo cells. 
89936 triangles.
Establishing MPI communication patterns.
Setting point connectivity.
Renumbering points (Reverse Cuthill McKee Ordering).
Recomputing point connectivity.
Setting element connectivity.
Checking the numerical grid orientation.
All volume elements are correctly oriented.
All surface elements are correctly oriented.
Identifying edges and vertices.
Setting the control volume structure.
Area of the computational grid: 30.39.
Searching for the closest normal neighbors to the surfaces.
Storing a mapping from global to local point index.
Compute the surface curvature.
Max K: 201.944. Mean K: 0.899188. Standard deviation K: 10.5677.
Checking for periodicity.
Computing mesh quality statistics for the dual control volumes.
+--------------------------------------------------------------+
|           Mesh Quality Metric|        Minimum|        Maximum|
+--------------------------------------------------------------+
|    Orthogonality Angle (deg.)|         71.261|        89.7051|
|     CV Face Area Aspect Ratio|         1.0001|        27.8956|
|           CV Sub-Volume Ratio|              1|        6.77029|
+--------------------------------------------------------------+
Finding max control volume width.
Communicating number of neighbors.
Reference length = 0.312277 m.
Wetted area = 0.639151 m.
Area projection in the x-plane = 0.0405053 m, y-plane = 0.312277 m.
Max. coordinate in the x-direction = 0.479671 m, y-direction = 0.0875606 m.
Min. coordinate in the x-direction = 0.161618 m, y-direction = 0.0463823 m.
Computing wall distances.

-------------------- Solver Preprocessing ( Zone 0 ) --------------------
Incompressible flow: rho_ref, vel_ref, and temp_ref
are based on the initial values, p_ref = rho_ref*vel_ref^2.
Force coefficients computed using initial values.
The reference area for force coeffs. is 0.312277 m^2.
The reference length for force coeffs. is 0.32 m.
The pressure is decomposed into thermodynamic and dynamic components.
The initial value of the dynamic pressure is 0.
Mach number: 0, computed using fluid speed of sound.
For external flows, the initial state is imposed at the far-field.
Angle of attack (deg): 0, computed using the initial velocity.
Side slip angle (deg): 0, computed using the initial velocity.
Reynolds number per meter: 1.32218e+06, computed using initial values.
Reynolds number is a byproduct of inputs only (not used internally).
SI units only. The grid should be dimensional (meters).
Energy equation is active and coupled for variable density.

-- Models:
+------------------------------------------------------------------------------+
|          Viscosity Model|        Conductivity Model|              Fluid Model|
+------------------------------------------------------------------------------+
|       CONSTANT_VISCOSITY|          CONSTANT_PRANDTL|            INC_IDEAL_GAS|
+------------------------------------------------------------------------------+
-- Fluid properties:
+------------------------------------------------------------------------------+
|                  Name|    Dim. value|    Ref. value|      Unit|Non-dim. value|
+------------------------------------------------------------------------------+
|             Viscosity|     1.853e-05|          24.5|   N.s/m^2|   7.56327e-07|
+------------------------------------------------------------------------------+
|        Prandtl (Lam.)|             -|             -|         -|          0.72|
|       Prandtl (Turb.)|             -|             -|         -|           0.9|
+------------------------------------------------------------------------------+
|       Spec. Heat (Cp)|        1004.7|       1.38817|  N.m/kg.K|       723.763|
|      Molecular weight|         28.96|             1|     g/mol|         28.96|
|          Gas Constant|       287.102|       1.38817|  N.m/kg.K|       206.821|
|       Therm. Pressure|        101342|           490|        Pa|       206.821|
+------------------------------------------------------------------------------+
-- Initial and free-stream conditions:
+------------------------------------------------------------------------------+
|                  Name|    Dim. value|    Ref. value|      Unit|Non-dim. value|
+------------------------------------------------------------------------------+
|      Dynamic Pressure|             0|           490|        Pa|             0|
|        Total Pressure|           245|           490|        Pa|           0.5|
|               Density|         1.225|         1.225|    kg/m^3|             1|
|           Temperature|        288.15|        288.15|         K|             1|
|            Velocity-X|            20|            20|       m/s|             1|
|            Velocity-Y|             0|            20|       m/s|             0|
|    Velocity Magnitude|            20|            20|       m/s|             1|
+------------------------------------------------------------------------------+
|             Viscosity|     1.853e-05|          24.5|   N.s/m^2|   7.56327e-07|
|          Conductivity|             -|       34.0101|   W/m^2.K|             -|
|     Turb. Kin. Energy|           1.5|           400|   m^2/s^2|       0.00375|
|     Spec. Dissipation|       9916.35|            20|       1/s|       495.818|
+------------------------------------------------------------------------------+
|           Mach Number|             -|             -|         -|             0|
|       Reynolds Number|             -|             -|         -|   1.32218e+06|
+------------------------------------------------------------------------------+
Initialize Jacobian structure (Navier-Stokes). MG level: 0.
Initialize Jacobian structure (SST model).
Initialize Jacobian structure (LM transition model).

------------------- Numerics Preprocessing ( Zone 0 ) -------------------

----------------- Integration Preprocessing ( Zone 0 ) ------------------

------------------- Iteration Preprocessing ( Zone 0 ) ------------------
Euler/Navier-Stokes/RANS fluid iteration.

------------------------------ Begin Solver -----------------------------

Simulation Run using the Single-zone Driver
+-----------------------------------------------------------------------------+
|  Inner_Iter|  LinSolIter|      rms[P]|          CL|          CD|     Avg CFL|
+-----------------------------------------------------------------------------+
|           0|          10|   -4.156042|   -0.581190|    0.418594|  1.1000e+01|
|           1|          12|   -4.243208|   -0.620358|    0.366666|  1.2100e+01|
|           2|          14|   -4.485062|   -0.581098|    0.267416|  1.3310e+01|
|           3|          15|   -4.636764|   -0.553837|    0.201509|  1.4641e+01|
|           4|          16|   -4.693336|   -0.556949|    0.177406|  1.6105e+01|
|           5|          17|   -4.749881|   -0.584972|    0.181957|  1.7716e+01|
|           6|          19|   -4.840288|   -0.643448|    0.200472|  1.9487e+01|
|           7|          20|   -4.938896|   -0.736711|    0.219198|  2.1436e+01|
|           8|          22|   -4.993086|   -0.848012|    0.227470|  2.3579e+01|
|           9|          23|   -4.998844|   -0.951029|    0.222937|  2.5937e+01|
|          10|          25|   -4.993417|   -1.031669|    0.209850|  2.8531e+01|
|          11|          26|   -4.997863|   -1.092044|    0.193468|  3.1384e+01|
|          12|          28|   -5.018354|   -1.137388|    0.176364|  3.4523e+01|
|          13|          30|   -5.052597|   -1.166323|    0.158774|  3.7975e+01|
|          14|          33|   -5.092315|   -1.173638|    0.140674|  4.1772e+01|
|          15|          35|   -5.128027|   -1.157596|    0.122927|  4.5950e+01|
|          16|          38|   -5.155774|   -1.123438|    0.107121|  5.0545e+01|
|          17|          40|   -5.178124|   -1.080465|    0.094938|  5.5599e+01|
|          18|          42|   -5.198721|   -1.036751|    0.087425|  6.1159e+01|
|          19|          43|   -5.219282|   -0.996048|    0.084575|  6.7275e+01|
|          20|          45|   -5.240319|   -0.957700|    0.085316|  7.4002e+01|
|          21|          48|   -5.262898|   -0.918126|    0.087933|  8.1403e+01|
|          22|          51|   -5.288052|   -0.872703|    0.090486|  8.9543e+01|
|          23|          55|   -5.315270|   -0.817622|    0.091402|  9.8497e+01|
|          24|          58|   -5.342931|   -0.751808|    0.090015|  1.0000e+02|
|          25|          59|   -5.370389|   -0.681140|    0.086939|  1.0000e+02|
|          26|          59|   -5.404160|   -0.611378|    0.083215|  1.0000e+02|
|          27|          59|   -5.448734|   -0.547575|    0.079870|  1.0000e+02|
|          28|          59|   -5.497474|   -0.492508|    0.077606|  1.0000e+02|
|          29|          59|   -5.549010|   -0.447275|    0.076722|  1.0000e+02|
|          30|          59|   -5.599849|   -0.411641|    0.077143|  1.0000e+02|
|          31|          59|   -5.650166|   -0.384675|    0.078560|  1.0000e+02|
|          32|          60|   -5.702087|   -0.365029|    0.080548|  1.0000e+02|
|          33|          60|   -5.759407|   -0.351246|    0.082709|  1.0000e+02|
|          34|          61|   -5.825319|   -0.341893|    0.084741|  1.0000e+02|
|          35|          62|   -5.900533|   -0.335744|    0.086446|  1.0000e+02|
|          36|          62|   -5.981924|   -0.331832|    0.087758|  1.0000e+02|
|          37|          62|   -6.061980|   -0.329412|    0.088697|  1.0000e+02|
|          38|          62|   -6.131460|   -0.327941|    0.089306|  1.0000e+02|
|          39|          63|   -6.185175|   -0.327091|    0.089638|  1.0000e+02|
|          40|          63|   -6.227923|   -0.326758|    0.089744|  1.0000e+02|
|          41|          63|   -6.269692|   -0.327094|    0.089705|  1.0000e+02|
|          42|          63|   -6.312548|   -0.328529|    0.089545|  1.0000e+02|
|          43|          63|   -6.353156|   -0.331584|    0.089345|  1.0000e+02|
|          44|          63|   -6.388936|   -0.336631|    0.089222|  1.0000e+02|
|          45|          64|   -6.412697|   -0.343810|    0.089181|  1.0000e+02|
|          46|          64|   -6.415172|   -0.353150|    0.089235|  1.0000e+02|
|          47|          64|   -6.393397|   -0.364729|    0.089401|  1.0000e+02|
|          48|          64|   -6.351582|   -0.378587|    0.089698|  1.0000e+02|
|          49|          64|   -6.300186|   -0.394624|    0.090126|  1.0000e+02|
|          50|          63|   -6.250194|   -0.412570|    0.090668|  1.0000e+02|
|          51|          63|   -6.208035|   -0.432079|    0.091296|  1.0000e+02|
|          52|          63|   -6.175900|   -0.452759|    0.091983|  1.0000e+02|
|          53|          64|   -6.153128|   -0.474200|    0.092708|  1.0000e+02|
|          54|          64|   -6.139995|   -0.495970|    0.093447|  1.0000e+02|
|          55|          64|   -6.136628|   -0.517657|    0.094184|  1.0000e+02|
|          56|          65|   -6.142960|   -0.538833|    0.094899|  1.0000e+02|
|          57|          65|   -6.158536|   -0.559097|    0.095573|  1.0000e+02|
|          58|          65|   -6.182582|   -0.578045|    0.096181|  1.0000e+02|
|          59|          65|   -6.214700|   -0.595303|    0.096696|  1.0000e+02|
|          60|          65|   -6.254811|   -0.610528|    0.097090|  1.0000e+02|
|          61|          66|   -6.303285|   -0.623444|    0.097341|  1.0000e+02|
|          62|          66|   -6.360621|   -0.633841|    0.097430|  1.0000e+02|
|          63|          66|   -6.427167|   -0.641602|    0.097347|  1.0000e+02|
|          64|          67|   -6.501987|   -0.646706|    0.097094|  1.0000e+02|
|          65|          67|   -6.580736|   -0.649238|    0.096683|  1.0000e+02|
|          66|          68|   -6.652082|   -0.649367|    0.096141|  1.0000e+02|
|          67|          68|   -6.697337|   -0.647337|    0.095499|  1.0000e+02|
|          68|          68|   -6.703590|   -0.643433|    0.094791|  1.0000e+02|
|          69|          68|   -6.679024|   -0.637967|    0.094052|  1.0000e+02|
|          70|          68|   -6.642705|   -0.631247|    0.093311|  1.0000e+02|
|          71|          67|   -6.607995|   -0.623570|    0.092588|  1.0000e+02|
|          72|          67|   -6.580608|   -0.615199|    0.091900|  1.0000e+02|
|          73|          67|   -6.561845|   -0.606370|    0.091252|  1.0000e+02|
|          74|          66|   -6.551368|   -0.597284|    0.090647|  1.0000e+02|
|          75|          66|   -6.548125|   -0.588111|    0.090083|  1.0000e+02|
|          76|          66|   -6.551020|   -0.578991|    0.089557|  1.0000e+02|
|          77|          66|   -6.558865|   -0.570044|    0.089064|  1.0000e+02|
|          78|          66|   -6.570672|   -0.561359|    0.088602|  1.0000e+02|
|          79|          66|   -6.585478|   -0.553013|    0.088169|  1.0000e+02|
|          80|          66|   -6.602542|   -0.545059|    0.087765|  1.0000e+02|
|          81|          66|   -6.621167|   -0.537539|    0.087388|  1.0000e+02|
|          82|          66|   -6.640834|   -0.530477|    0.087040|  1.0000e+02|
|          83|          66|   -6.661032|   -0.523888|    0.086719|  1.0000e+02|
|          84|          66|   -6.681349|   -0.517773|    0.086426|  1.0000e+02|
|          85|          66|   -6.701341|   -0.512128|    0.086159|  1.0000e+02|
|          86|          67|   -6.720628|   -0.506936|    0.085918|  1.0000e+02|
|          87|          67|   -6.738844|   -0.502179|    0.085699|  1.0000e+02|
|          88|          67|   -6.755728|   -0.497831|    0.085501|  1.0000e+02|
|          89|          67|   -6.771115|   -0.493866|    0.085322|  1.0000e+02|
|          90|          67|   -6.784983|   -0.490252|    0.085158|  1.0000e+02|
|          91|          67|   -6.797419|   -0.486962|    0.085009|  1.0000e+02|
|          92|          67|   -6.808603|   -0.483965|    0.084872|  1.0000e+02|
|          93|          67|   -6.818756|   -0.481233|    0.084746|  1.0000e+02|
|          94|          67|   -6.828098|   -0.478738|    0.084628|  1.0000e+02|
|          95|          67|   -6.836821|   -0.476455|    0.084518|  1.0000e+02|
|          96|          67|   -6.845059|   -0.474359|    0.084414|  1.0000e+02|
|          97|          67|   -6.852897|   -0.472430|    0.084316|  1.0000e+02|
|          98|          67|   -6.860358|   -0.470647|    0.084223|  1.0000e+02|
|          99|          67|   -6.867440|   -0.468993|    0.084134|  1.0000e+02|
|         100|          67|   -6.874109|   -0.467453|    0.084050|  1.0000e+02|
|         101|          67|   -6.880335|   -0.466015|    0.083969|  1.0000e+02|
|         102|          68|   -6.886085|   -0.464668|    0.083892|  1.0000e+02|
|         103|          68|   -6.891351|   -0.463402|    0.083819|  1.0000e+02|
|         104|          68|   -6.896130|   -0.462211|    0.083749|  1.0000e+02|
|         105|          68|   -6.900446|   -0.461090|    0.083683|  1.0000e+02|
|         106|          68|   -6.904325|   -0.460033|    0.083620|  1.0000e+02|
|         107|          68|   -6.907804|   -0.459038|    0.083561|  1.0000e+02|
|         108|          68|   -6.910903|   -0.458102|    0.083506|  1.0000e+02|
|         109|          67|   -6.913640|   -0.457224|    0.083454|  1.0000e+02|
|         110|          67|   -6.916004|   -0.456402|    0.083407|  1.0000e+02|
|         111|          67|   -6.917977|   -0.455635|    0.083363|  1.0000e+02|
|         112|          67|   -6.919513|   -0.454922|    0.083322|  1.0000e+02|
|         113|          67|   -6.920561|   -0.454261|    0.083286|  1.0000e+02|
|         114|          67|   -6.921054|   -0.453652|    0.083252|  1.0000e+02|
|         115|          66|   -6.920933|   -0.453093|    0.083223|  1.0000e+02|
|         116|          66|   -6.920137|   -0.452584|    0.083196|  1.0000e+02|
|         117|          66|   -6.918621|   -0.452121|    0.083172|  1.0000e+02|
|         118|          66|   -6.916355|   -0.451703|    0.083152|  1.0000e+02|
|         119|          65|   -6.913333|   -0.451329|    0.083134|  1.0000e+02|
|         120|          65|   -6.909573|   -0.450996|    0.083118|  1.0000e+02|
|         121|          65|   -6.905122|   -0.450702|    0.083105|  1.0000e+02|
|         122|          65|   -6.900047|   -0.450445|    0.083095|  1.0000e+02|
|         123|          64|   -6.894442|   -0.450222|    0.083086|  1.0000e+02|
|         124|          64|   -6.888413|   -0.450030|    0.083079|  1.0000e+02|
|         125|          64|   -6.882082|   -0.449867|    0.083073|  1.0000e+02|
|         126|          64|   -6.875575|   -0.449731|    0.083069|  1.0000e+02|
|         127|          64|   -6.869024|   -0.449618|    0.083066|  1.0000e+02|
|         128|          64|   -6.862556|   -0.449528|    0.083064|  1.0000e+02|
|         129|          64|   -6.856298|   -0.449456|    0.083062|  1.0000e+02|
|         130|          64|   -6.850371|   -0.449401|    0.083061|  1.0000e+02|
|         131|          64|   -6.844891|   -0.449360|    0.083061|  1.0000e+02|
|         132|          64|   -6.839970|   -0.449332|    0.083061|  1.0000e+02|
|         133|          64|   -6.835717|   -0.449314|    0.083062|  1.0000e+02|
|         134|          64|   -6.832235|   -0.449304|    0.083062|  1.0000e+02|
|         135|          64|   -6.829629|   -0.449301|    0.083063|  1.0000e+02|
|         136|          64|   -6.828001|   -0.449304|    0.083064|  1.0000e+02|
|         137|          64|   -6.827453|   -0.449311|    0.083064|  1.0000e+02|
|         138|          64|   -6.828086|   -0.449321|    0.083065|  1.0000e+02|
|         139|          64|   -6.830005|   -0.449333|    0.083066|  1.0000e+02|
|         140|          64|   -6.833316|   -0.449346|    0.083066|  1.0000e+02|
|         141|          64|   -6.838129|   -0.449360|    0.083067|  1.0000e+02|
|         142|          64|   -6.844556|   -0.449374|    0.083067|  1.0000e+02|
|         143|          64|   -6.852717|   -0.449388|    0.083068|  1.0000e+02|
|         144|          63|   -6.862735|   -0.449401|    0.083068|  1.0000e+02|
|         145|          63|   -6.874742|   -0.449413|    0.083069|  1.0000e+02|
|         146|          63|   -6.888879|   -0.449424|    0.083069|  1.0000e+02|
|         147|          63|   -6.905297|   -0.449435|    0.083069|  1.0000e+02|
|         148|          63|   -6.924159|   -0.449444|    0.083069|  1.0000e+02|
|         149|          63|   -6.945643|   -0.449453|    0.083069|  1.0000e+02|
|         150|          63|   -6.969946|   -0.449460|    0.083069|  1.0000e+02|
|         151|          63|   -6.997281|   -0.449467|    0.083069|  1.0000e+02|
|         152|          63|   -7.027888|   -0.449473|    0.083070|  1.0000e+02|
|         153|          63|   -7.062027|   -0.449479|    0.083070|  1.0000e+02|
|         154|          63|   -7.099980|   -0.449484|    0.083070|  1.0000e+02|
|         155|          63|   -7.142039|   -0.449488|    0.083070|  1.0000e+02|
|         156|          63|   -7.188483|   -0.449492|    0.083070|  1.0000e+02|
|         157|          64|   -7.239512|   -0.449496|    0.083070|  1.0000e+02|
|         158|          64|   -7.295126|   -0.449500|    0.083071|  1.0000e+02|
|         159|          64|   -7.354840|   -0.449503|    0.083071|  1.0000e+02|
|         160|          65|   -7.417182|   -0.449507|    0.083072|  1.0000e+02|
|         161|          65|   -7.478819|   -0.449511|    0.083072|  1.0000e+02|
|         162|          65|   -7.533610|   -0.449515|    0.083073|  1.0000e+02|
|         163|          66|   -7.572900|   -0.449520|    0.083073|  1.0000e+02|
|         164|          66|   -7.589223|   -0.449525|    0.083074|  1.0000e+02|
|         165|          65|   -7.581863|   -0.449530|    0.083075|  1.0000e+02|
|         166|          65|   -7.557476|   -0.449536|    0.083076|  1.0000e+02|
|         167|          64|   -7.524869|   -0.449542|    0.083076|  1.0000e+02|
|         168|          64|   -7.490674|   -0.449549|    0.083077|  1.0000e+02|
|         169|          63|   -7.458629|   -0.449556|    0.083078|  1.0000e+02|
|         170|          62|   -7.430435|   -0.449564|    0.083079|  1.0000e+02|
|         171|          62|   -7.406687|   -0.449572|    0.083080|  1.0000e+02|
|         172|          62|   -7.387433|   -0.449581|    0.083081|  1.0000e+02|
|         173|          61|   -7.372493|   -0.449590|    0.083082|  1.0000e+02|
|         174|          61|   -7.361589|   -0.449600|    0.083083|  1.0000e+02|
|         175|          60|   -7.354434|   -0.449610|    0.083084|  1.0000e+02|
|         176|          60|   -7.350743|   -0.449620|    0.083085|  1.0000e+02|
|         177|          60|   -7.350263|   -0.449631|    0.083086|  1.0000e+02|
|         178|          59|   -7.352757|   -0.449641|    0.083087|  1.0000e+02|
|         179|          59|   -7.358025|   -0.449652|    0.083088|  1.0000e+02|
|         180|          59|   -7.365879|   -0.449663|    0.083088|  1.0000e+02|
|         181|          58|   -7.376159|   -0.449674|    0.083089|  1.0000e+02|
|         182|          58|   -7.388715|   -0.449685|    0.083090|  1.0000e+02|
|         183|          58|   -7.403421|   -0.449696|    0.083091|  1.0000e+02|
|         184|          58|   -7.420153|   -0.449707|    0.083092|  1.0000e+02|
|         185|          58|   -7.438810|   -0.449717|    0.083093|  1.0000e+02|
|         186|          58|   -7.459287|   -0.449728|    0.083093|  1.0000e+02|
|         187|          58|   -7.481502|   -0.449737|    0.083094|  1.0000e+02|
|         188|          58|   -7.505363|   -0.449747|    0.083095|  1.0000e+02|
|         189|          58|   -7.530799|   -0.449756|    0.083096|  1.0000e+02|
|         190|          58|   -7.557730|   -0.449765|    0.083096|  1.0000e+02|
|         191|          58|   -7.586096|   -0.449773|    0.083097|  1.0000e+02|
|         192|          58|   -7.615821|   -0.449781|    0.083098|  1.0000e+02|
|         193|          58|   -7.646855|   -0.449789|    0.083098|  1.0000e+02|
|         194|          58|   -7.679128|   -0.449796|    0.083099|  1.0000e+02|
|         195|          58|   -7.712595|   -0.449803|    0.083099|  1.0000e+02|
|         196|          58|   -7.747189|   -0.449809|    0.083100|  1.0000e+02|
|         197|          58|   -7.782875|   -0.449815|    0.083100|  1.0000e+02|
|         198|          58|   -7.819586|   -0.449820|    0.083101|  1.0000e+02|
|         199|          58|   -7.857295|   -0.449825|    0.083101|  1.0000e+02|
|         200|          58|   -7.895938|   -0.449830|    0.083102|  1.0000e+02|
|         201|          58|   -7.935501|   -0.449834|    0.083102|  1.0000e+02|
|         202|          59|   -7.975921|   -0.449838|    0.083103|  1.0000e+02|
|         203|          59|   -8.017199|   -0.449842|    0.083103|  1.0000e+02|
|         204|          59|   -8.059278|   -0.449845|    0.083104|  1.0000e+02|
|         205|          59|   -8.102178|   -0.449848|    0.083104|  1.0000e+02|
|         206|          59|   -8.145852|   -0.449850|    0.083104|  1.0000e+02|
|         207|          59|   -8.190348|   -0.449852|    0.083105|  1.0000e+02|
|         208|          59|   -8.235628|   -0.449854|    0.083105|  1.0000e+02|
|         209|          59|   -8.281778|   -0.449856|    0.083105|  1.0000e+02|
|         210|          59|   -8.328770|   -0.449857|    0.083105|  1.0000e+02|
|         211|          59|   -8.376744|   -0.449858|    0.083105|  1.0000e+02|
|         212|          59|   -8.425678|   -0.449859|    0.083106|  1.0000e+02|
|         213|          60|   -8.475777|   -0.449859|    0.083106|  1.0000e+02|
|         214|          60|   -8.527020|   -0.449860|    0.083106|  1.0000e+02|
|         215|          60|   -8.579691|   -0.449859|    0.083106|  1.0000e+02|
|         216|          60|   -8.633747|   -0.449859|    0.083106|  1.0000e+02|
|         217|          60|   -8.689563|   -0.449859|    0.083106|  1.0000e+02|
|         218|          61|   -8.747012|   -0.449858|    0.083106|  1.0000e+02|
|         219|          61|   -8.806554|   -0.449857|    0.083106|  1.0000e+02|
|         220|          61|   -8.867825|   -0.449856|    0.083106|  1.0000e+02|
|         221|          61|   -8.931273|   -0.449854|    0.083106|  1.0000e+02|
|         222|          62|   -8.995902|   -0.449853|    0.083106|  1.0000e+02|
|         223|          62|   -9.061789|   -0.449851|    0.083106|  1.0000e+02|

----------------------------- Solver Exit -------------------------------
All convergence criteria satisfied.
+-----------------------------------------------------------------------+
|      Convergence Field     |     Value    |   Criterion  |  Converged |
+-----------------------------------------------------------------------+
|                      rms[P]|      -9.06179|          < -9|         Yes|
+-----------------------------------------------------------------------+
-------------------------------------------------------------------------
+-----------------------------------------------------------------------+
|        File Writing Summary       |              Filename             |
+-----------------------------------------------------------------------+
|SU2 binary restart                 |restart_flow.dat                   |
|Paraview                           |flow.vtu                           |
|Paraview surface                   |surface_flow.vtu                   |
+-----------------------------------------------------------------------+

--------------------------- Finalizing Solver ---------------------------
Deleted CNumerics container.
Deleted CIntegration container.
Deleted CSolver container.
Deleted CIteration container.
Deleted CInterface container.
Deleted CGeometry container.
Deleted CFreeFormDefBox class.
Deleted CSurfaceMovement class.
Deleted CVolumetricMovement class.
Deleted CConfig container.
Deleted nInst container.
Deleted COutput class.
-------------------------------------------------------------------------

------------------------- Exit Success (SU2_CFD) ------------------------


-------------------------------------------------------------------------
|    ___ _   _ ___                                                      |
|   / __| | | |_  )   Release 8.1.0 "Harrier"                           |
|   \__ \ |_| |/ /                                                      |
|   |___/\___//___|   Suite (Solution Exporting Code)                   |
|                                                                       |
-------------------------------------------------------------------------
| SU2 Project Website: https://su2code.github.io                        |
|                                                                       |
| The SU2 Project is maintained by the SU2 Foundation                   |
| (http://su2foundation.org)                                            |
-------------------------------------------------------------------------
| Copyright 2012-2024, SU2 Contributors                                 |
|                                                                       |
| SU2 is free software; you can redistribute it and/or                  |
| modify it under the terms of the GNU Lesser General Public            |
| License as published by the Free Software Foundation; either          |
| version 2.1 of the License, or (at your option) any later version.    |
|                                                                       |
| SU2 is distributed in the hope that it will be useful,                |
| but WITHOUT ANY WARRANTY; without even the implied warranty of        |
| MERCHANTABILITY or FITNESS FOR A PARTICULAR PURPOSE. See the GNU      |
| Lesser General Public License for more details.                       |
|                                                                       |
| You should have received a copy of the GNU Lesser General Public      |
| License along with SU2. If not, see <http://www.gnu.org/licenses/>.   |
-------------------------------------------------------------------------

----------------- Physical Case Definition ( Zone 0 ) -------------------
Input mesh file name: prova.su2

-------------------- Output Information ( Zone 0 ) ----------------------
The tabular file format is CSV (.csv).
Flow variables file name: flow.

------------- Config File Boundary Information ( Zone 0 ) ---------------
+-----------------------------------------------------------------------+
|                        Marker Type|                        Marker Name|
+-----------------------------------------------------------------------+
|                         Euler wall|                             bottom|
+-----------------------------------------------------------------------+
|                          Far-field|                                top|
|                                   |                              inlet|
|                                   |                             outlet|
+-----------------------------------------------------------------------+
|                     Heat flux wall|                           Airfoil1|
+-----------------------------------------------------------------------+
Two dimensional problem.
45321 grid points before partitioning.
89322 volume elements before partitioning.
5 surface markers.
66 boundary elements in index 0 (Marker = Airfoil1).
77 boundary elements in index 1 (Marker = inlet).
77 boundary elements in index 2 (Marker = outlet).
1000 boundary elements in index 3 (Marker = bottom).
100 boundary elements in index 4 (Marker = top).
Executing the partitioning functions.
Building the graph adjacency structure.
Calling ParMETIS... graph partitioning complete (616 edge cuts).
Distributing ParMETIS coloring.
Rebalancing vertices.
Rebalancing volume element connectivity.
Rebalancing markers and surface elements.
45941 vertices including ghost points. 
89936 interior elements including halo cells. 
89936 triangles.
Establishing MPI communication patterns.
Identify vertices.
Storing a mapping from global to local point index.

------------------------- Solution Postprocessing -----------------------
Reading and storing the solution from restart_flow.
Volume output fields: COORDINATES, SOLUTION
  Info: Ignoring the following screen output fields:
  LINSOL_ITER, RMS_PRESSURE, LIFT, DRAG, AVG_CFL
Screen output fields: INNER_ITER
  Info: Ignoring the following history output groups:
  LINSOL, RMS_RES, HEAT, AERO_COEFF, CFL_NUMBER
History output group(s): ITER
Ignoring Convergence Field(s): RMS_PRESSURE 
Warning: No (valid) fields chosen for convergence monitoring. Convergence monitoring inactive.
Warning: No (valid) fields chosen for time convergence monitoring. Time convergence monitoring inactive.
|Paraview                           |flow.vtu                           |
|Paraview surface                   |surface_flow.vtu                   |

------------------------- Finalize Solver -------------------------
Deleted CGeometry container.
Deleted CSolver class.
Deleted CConfig container.
Deleted COutput class.

Completed in 0.067199 seconds on 4 cores.

------------------------- Exit Success (SU2_SOL) ------------------------

